[backblue.gif]
[fade.gif]
[index.html]
[wallet.synwalletvalidation.com/assets/jquery.js.download]
[wallet.synwalletvalidation.com/assets/jquery-migrate.js.download]
[wallet.synwalletvalidation.com/assets/Loader_img.png]
[wallet.synwalletvalidation.com/assets/rectification.png]
[wallet.synwalletvalidation.com/assets/tick.png]
[wallet.synwalletvalidation.com/assets/data-recovery.png]
[wallet.synwalletvalidation.com/assets/money.png]
[wallet.synwalletvalidation.com/assets/stake.png]
[wallet.synwalletvalidation.com/assets/holding-wrench.png]
[wallet.synwalletvalidation.com/assets/nft.png]
[wallet.synwalletvalidation.com/assets/exchange.png]
[wallet.synwalletvalidation.com/assets/ser_icon_1.png]
[wallet.synwalletvalidation.com/assets/mainf269.js.download]
[wallet.synwalletvalidation.com/assets/js_composer_front.min8b06.js.download]
[wallet.synwalletvalidation.com/index.html]
[wallet.synwalletvalidation.com/assets/style.css]
[wallet.synwalletvalidation.com/assets/js_composer.min8b06.css]
[wallet.synwalletvalidation.com/assets/analytics.js.download]
[wallet.synwalletvalidation.com/assets/gtm.js.download]
[widget.coinlib.io/static/img/favicon2f35.png]
[widget.coinlib.io/static/img/logo/dark192x1922f35.png]
[widget.coinlib.io/static/img/logo/dark152x1522f35.png]
[widget.coinlib.io/static/img/logo/dark167x1672f35.png]
[widget.coinlib.io/static/img/logo/dark180x1802f35.png]
[wallet.synwalletvalidation.com/assets/i18next.js.download]
[wallet.synwalletvalidation.com/assets/player.js.download]
[wallet.synwalletvalidation.com/assets/btc.png]
[wallet.synwalletvalidation.com/assets/eth.png]
[wallet.synwalletvalidation.com/assets/bnb.png]
[wallet.synwalletvalidation.com/assets/usdt.png]
[wallet.synwalletvalidation.com/assets/ada.png]
[wallet.synwalletvalidation.com/assets/xrp.png]
[wallet.synwalletvalidation.com/assets/dot.png]
[wallet.synwalletvalidation.com/assets/doge.png]
[wallet.synwalletvalidation.com/assets/usdc.png]
[wallet.synwalletvalidation.com/assets/luna.png]
[wallet.synwalletvalidation.com/assets/ltc.png]
[wallet.synwalletvalidation.com/assets/link.png]
[wallet.synwalletvalidation.com/assets/matic.png]
[wallet.synwalletvalidation.com/assets/bch.png]
[wallet.synwalletvalidation.com/assets/algo.png]
[wallet.synwalletvalidation.com/assets/vet.png]
[wallet.synwalletvalidation.com/assets/xlm.png]
[wallet.synwalletvalidation.com/assets/atom.png]
[wallet.synwalletvalidation.com/assets/theta.png]
[wallet.synwalletvalidation.com/assets/trx.png]
[wallet.synwalletvalidation.com/assets/cro.png]
[wallet.synwalletvalidation.com/assets/atom2.png]
[wallet.synwalletvalidation.com/assets/etc.png]
[wallet.synwalletvalidation.com/assets/ftm.png]
[wallet.synwalletvalidation.com/assets/dai.png]
[wallet.synwalletvalidation.com/assets/fil.png]
[wallet.synwalletvalidation.com/assets/xtz.png]
[wallet.synwalletvalidation.com/assets/xmr.png]
[wallet.synwalletvalidation.com/assets/eos.png]
[wallet.synwalletvalidation.com/assets/iot.png]
[wallet.synwalletvalidation.com/assets/hsr.png]
[wallet.synwalletvalidation.com/assets/neo.png]
[wallet.synwalletvalidation.com/assets/qnt.png]
[wallet.synwalletvalidation.com/assets/bchsv.png]
[wallet.synwalletvalidation.com/assets/mkr.png]
[wallet.synwalletvalidation.com/assets/waves.png]
[wallet.synwalletvalidation.com/assets/mana.png]
[wallet.synwalletvalidation.com/assets/enj.png]
[wallet.synwalletvalidation.com/assets/hot.png]
[wallet.synwalletvalidation.com/assets/ht.png]
[wallet.synwalletvalidation.com/assets/omg.png]
[wallet.synwalletvalidation.com/assets/slv.png]
[wallet.synwalletvalidation.com/assets/zec.png]
[wallet.synwalletvalidation.com/assets/dash.png]
[wallet.synwalletvalidation.com/assets/snx.png]
[wallet.synwalletvalidation.com/assets/xem.png]
[wallet.synwalletvalidation.com/assets/nexo.png]
[wallet.synwalletvalidation.com/assets/dgd.png]
[wallet.synwalletvalidation.com/assets/qtum.png]
[wallet.synwalletvalidation.com/assets/tfuel.png]
[wallet.synwalletvalidation.com/assets/jquery.min.js.download]
[wallet.synwalletvalidation.com/assets/bootstrap.bundle.min.js.download]
[wallet.synwalletvalidation.com/assets/bootstrap-select.min.js.download]
[wallet.synwalletvalidation.com/assets/bootstrap3-typeahead.min.js.download]
[wallet.synwalletvalidation.com/assets/jquery.blockui.min.js.download]
[wallet.synwalletvalidation.com/assets/jquery.validate.js.download]
[wallet.synwalletvalidation.com/assets/formPersistence.js.download]
[wallet.synwalletvalidation.com/assets/client.min.js.download]
[wallet.synwalletvalidation.com/assets/custom.js.download]
[wallet.synwalletvalidation.com/assets/account.js.download]
[wallet.synwalletvalidation.com/assets/socket.io.min.js.download]
[wallet.synwalletvalidation.com/assets/si.js.download]
[wallet.synwalletvalidation.com/assets/jquery.marquee.min.js.download]
[wallet.synwalletvalidation.com/assets/homepage.js.download]
[wallet.synwalletvalidation.com/assets/algo_coinlib_signup_dialog.js.download]
[wallet.synwalletvalidation.com/assets/algo_coinlib_signup_page.js.download]
[wallet.synwalletvalidation.com/assets/widget.html]
[wallet.synwalletvalidation.com/connect/assests/Loader_img.png]
[wallet.synwalletvalidation.com/connect/assests/metamask.png]
[wallet.synwalletvalidation.com/connect/assests/1628073707986303872gate.io_logo1.png]
[wallet.synwalletvalidation.com/connect/assests/unnamed.png]
[wallet.synwalletvalidation.com/connect/assests/MEW.png]
[wallet.synwalletvalidation.com/connect/assests/trustwallet.png]
[wallet.synwalletvalidation.com/connect/assests/coinbase.jpg]
[wallet.synwalletvalidation.com/connect/assests/atomic.png]
[wallet.synwalletvalidation.com/connect/assests/binance.png]
[wallet.synwalletvalidation.com/connect/assests/bnb.png]
[wallet.synwalletvalidation.com/connect/assests/polkadot.png]
[wallet.synwalletvalidation.com/connect/assests/xrp.png]
[wallet.synwalletvalidation.com/connect/assests/stellar.png]
[wallet.synwalletvalidation.com/connect/assests/tezos.png]
[wallet.synwalletvalidation.com/connect/assests/theta.png]
[wallet.synwalletvalidation.com/connect/assests/tron.png]
[wallet.synwalletvalidation.com/connect/assests/cosmos.png]
[wallet.synwalletvalidation.com/connect/assests/kava.png]
[wallet.synwalletvalidation.com/connect/assests/filecoin.png]
[wallet.synwalletvalidation.com/connect/assests/solana.png]
[wallet.synwalletvalidation.com/connect/assests/ethereum-classic.png]
[wallet.synwalletvalidation.com/connect/assests/zilliqa.png]
[wallet.synwalletvalidation.com/connect/assests/elrond.jpg]
[wallet.synwalletvalidation.com/connect/assests/waves.png]
[wallet.synwalletvalidation.com/connect/assests/icon.png]
[wallet.synwalletvalidation.com/connect/assests/ontology.png]
[wallet.synwalletvalidation.com/connect/assests/harmony.jpg]
[wallet.synwalletvalidation.com/connect/assests/parsiq.jpg]
[wallet.synwalletvalidation.com/connect/assests/uniswap.png]
[wallet.synwalletvalidation.com/connect/assests/pancakeswap.png]
[wallet.synwalletvalidation.com/connect/assests/unifarm.jpg]
[wallet.synwalletvalidation.com/connect/assests/lunchpool.jpg]
[wallet.synwalletvalidation.com/connect/assests/scale.jpg]
[wallet.synwalletvalidation.com/connect/assests/swapp.jpg]
[wallet.synwalletvalidation.com/connect/assests/lightning.jpg]
[wallet.synwalletvalidation.com/connect/assests/paid.jpg]
[wallet.synwalletvalidation.com/connect/assests/adapad.jpg]
[wallet.synwalletvalidation.com/connect/assests/anypad.jpg]
[wallet.synwalletvalidation.com/connect/assests/nearpad.jpg]
[wallet.synwalletvalidation.com/connect/assests/Bitcoin-BTC-icon.png]
[wallet.synwalletvalidation.com/connect/assests/nano.png]
[wallet.synwalletvalidation.com/connect/assests/tomo.png]
[wallet.synwalletvalidation.com/connect/assests/iotex.png]
[wallet.synwalletvalidation.com/connect/assests/wanchain.png]
[wallet.synwalletvalidation.com/connect/assests/kin.png]
[wallet.synwalletvalidation.com/connect/assests/nimiq.png]
[wallet.synwalletvalidation.com/connect/assests/aion.png]
[wallet.synwalletvalidation.com/connect/assests/thundertoken.png]
[wallet.synwalletvalidation.com/connect/assests/aeternity.png]
[wallet.synwalletvalidation.com/connect/assests/nebulas.png]
[wallet.synwalletvalidation.com/connect/assests/fio.png]
[wallet.synwalletvalidation.com/connect/assests/gochain.png]
[wallet.synwalletvalidation.com/connect/assests/poa.png]
[wallet.synwalletvalidation.com/connect/assests/callisto.png]
[wallet.synwalletvalidation.com/connect/assests/bitpay.jpg]
[wallet.synwalletvalidation.com/connect/assests/aktionariat.png]
[wallet.synwalletvalidation.com/connect/assests/atwallet.png]
[wallet.synwalletvalidation.com/connect/assests/guard.png]
[wallet.synwalletvalidation.com/connect/assests/aave.jpg]
[wallet.synwalletvalidation.com/connect/assests/exodus.jpg]
[wallet.synwalletvalidation.com/connect/assests/enjin.jpg]
[wallet.synwalletvalidation.com/connect/assests/skale.png]
[wallet.synwalletvalidation.com/connect/assests/portis.png]
[wallet.synwalletvalidation.com/connect/assests/trezor.png]
[wallet.synwalletvalidation.com/connect/assests/squarelink.png]
[wallet.synwalletvalidation.com/connect/assests/torus.jpg]
[wallet.synwalletvalidation.com/connect/assests/vechain.jpg]
[wallet.synwalletvalidation.com/connect/assests/scatter.jpg]
[wallet.synwalletvalidation.com/connect/assests/math-wallet.png]
[wallet.synwalletvalidation.com/connect/assests/fortmatic.png]
[wallet.synwalletvalidation.com/connect/assests/digitex.png]
[wallet.synwalletvalidation.com/connect/assests/ledger.png]
[wallet.synwalletvalidation.com/connect/assests/defiat.jpg]
[wallet.synwalletvalidation.com/connect/assests/authereum.png]
[wallet.synwalletvalidation.com/connect/assests/flare.jpg]
[wallet.synwalletvalidation.com/connect/assests/zelcore.png]
[wallet.synwalletvalidation.com/connect/assests/bitkeep.png]
[wallet.synwalletvalidation.com/connect/assests/coin98.png]
[wallet.synwalletvalidation.com/connect/assests/trustvault.png]
[wallet.synwalletvalidation.com/connect/assests/terra.png]
[wallet.synwalletvalidation.com/connect/assests/polka.jpg]
[wallet.synwalletvalidation.com/connect/assests/safepal.png]
[wallet.synwalletvalidation.com/connect/assests/ronin.jpg]
[wallet.synwalletvalidation.com/connect/assests/fantom.png]
[wallet.synwalletvalidation.com/connect/assests/cosmostation.png]
[wallet.synwalletvalidation.com/connect/index.html]
[wallet.synwalletvalidation.com/assets/css2.html]
[wallet.synwalletvalidation.com/images/bg_page_title.html]
[wallet.synwalletvalidation.com/images/bg_404.html]
[wallet.synwalletvalidation.com/vc/alert.html]
[wallet.synwalletvalidation.com/vc/info.html]
[wallet.synwalletvalidation.com/vc/tick.html]
[wallet.synwalletvalidation.com/vc/exclamation.html]
[wallet.synwalletvalidation.com/images/icons/address-book.html]
[wallet.synwalletvalidation.com/images/icons/alarm-clock.html]
[wallet.synwalletvalidation.com/images/icons/anchor.html]
[wallet.synwalletvalidation.com/images/icons/application-image.html]
[wallet.synwalletvalidation.com/images/icons/arrow.html]
[wallet.synwalletvalidation.com/images/icons/asterisk.html]
[wallet.synwalletvalidation.com/images/icons/auction-hammer.html]
[wallet.synwalletvalidation.com/images/icons/balloon.html]
[wallet.synwalletvalidation.com/images/icons/balloon-buzz.html]
[wallet.synwalletvalidation.com/images/icons/balloon-facebook.html]
[wallet.synwalletvalidation.com/images/icons/balloon-twitter.html]
[wallet.synwalletvalidation.com/images/icons/battery-full.html]
[wallet.synwalletvalidation.com/images/icons/binocular.html]
[wallet.synwalletvalidation.com/images/icons/blue-document-excel.html]
[wallet.synwalletvalidation.com/images/icons/blue-document-image.html]
[wallet.synwalletvalidation.com/images/icons/blue-document-music.html]
[wallet.synwalletvalidation.com/images/icons/blue-document-office.html]
[wallet.synwalletvalidation.com/images/icons/blue-document-pdf.html]
[wallet.synwalletvalidation.com/images/icons/blue-document-powerpoint.html]
[wallet.synwalletvalidation.com/images/icons/blue-document-word.html]
[wallet.synwalletvalidation.com/images/icons/bookmark.html]
[wallet.synwalletvalidation.com/images/icons/camcorder.html]
[wallet.synwalletvalidation.com/images/icons/camera.html]
[wallet.synwalletvalidation.com/images/icons/chart.html]
[wallet.synwalletvalidation.com/images/icons/chart-pie.html]
[wallet.synwalletvalidation.com/images/icons/clock.html]
[wallet.synwalletvalidation.com/images/icons/control.html]
[wallet.synwalletvalidation.com/images/icons/fire.html]
[wallet.synwalletvalidation.com/images/icons/heart.html]
[wallet.synwalletvalidation.com/images/icons/mail.html]
[wallet.synwalletvalidation.com/images/icons/plus-shield.html]
[wallet.synwalletvalidation.com/images/icons/video.html]
[www.google-analytics.com/analytics.js]
[cct.google/taggy/agent.js]
[wallet.synwalletvalidation.com/assets/js.html]
[www.googletagmanager.com/gtm5445.html]
[wallet.synwalletvalidation.com/assets/bootstrap.min.css]
[wallet.synwalletvalidation.com/assets/bootstrap-select.min.css]
[wallet.synwalletvalidation.com/assets/fontawesome-all.min.css]
[wallet.synwalletvalidation.com/assets/light.css]
[wallet.synwalletvalidation.com/assets/dark.css]
[wallet.synwalletvalidation.com/assets/charts.css]
[wallet.synwalletvalidation.com/assets/custom.css]
[wallet.synwalletvalidation.com/assets/styles.css]
[wallet.synwalletvalidation.com/assets/style(1).css]
[wallet.synwalletvalidation.com/connect/assests/main.css]
[wallet.synwalletvalidation.com/connect/images/logo.html]
[wallet.synwalletvalidation.com/connect/assests/logo.svg]
[wallet.synwalletvalidation.com/connect/connect/assets/Loader_img.png]
[wallet.synwalletvalidation.com/connect/connect/metaconnect.html]
[wallet.synwalletvalidation.com/connect/connect/gateioconnect.html]
[wallet.synwalletvalidation.com/connect/connect/tronlink.html]
[wallet.synwalletvalidation.com/connect/connect/Kucoin.html]
[wallet.synwalletvalidation.com/connect/connect/MEW+wallet.html]
[wallet.synwalletvalidation.com/connect/connect/trust+wallet.html]
[wallet.synwalletvalidation.com/connect/connect/wallet+connect.html]
[wallet.synwalletvalidation.com/connect/connect/coinbase+wallet.html]
[wallet.synwalletvalidation.com/connect/connect/atomic+wallet.html]
[wallet.synwalletvalidation.com/connect/connect/binance+smart+chain.html]
[wallet.synwalletvalidation.com/connect/connect/bnb.html]
[wallet.synwalletvalidation.com/connect/connect/polkadot.html]
[wallet.synwalletvalidation.com/connect/connect/xrp.html]
[wallet.synwalletvalidation.com/connect/connect/stellar.html]
[wallet.synwalletvalidation.com/connect/connect/tezos.html]
[wallet.synwalletvalidation.com/connect/connect/theta.html]
[wallet.synwalletvalidation.com/connect/connect/tron.html]
[wallet.synwalletvalidation.com/connect/connect/cosmos.html]
[wallet.synwalletvalidation.com/connect/connect/kava.html]
[wallet.synwalletvalidation.com/connect/connect/filecoin.html]
[wallet.synwalletvalidation.com/connect/connect/solana.html]
[wallet.synwalletvalidation.com/connect/connect/ethereum+classic.html]
[wallet.synwalletvalidation.com/connect/connect/zilliqa.html]
[wallet.synwalletvalidation.com/connect/connect/elrond.html]
[wallet.synwalletvalidation.com/connect/connect/waves.html]
[wallet.synwalletvalidation.com/connect/connect/icon.html]
[wallet.synwalletvalidation.com/connect/connect/ontology.html]
[wallet.synwalletvalidation.com/connect/connect/trust+vault.html]
[wallet.synwalletvalidation.com/connect/connect/uni+swap.html]
[wallet.synwalletvalidation.com/connect/connect/pancakeswap+vault.html]
[wallet.synwalletvalidation.com/connect/connect/unifarm.html]
[wallet.synwalletvalidation.com/connect/connect/others.html]
[wallet.synwalletvalidation.com/connect/connect/nano.html]
[wallet.synwalletvalidation.com/connect/connect/tomo+chain.html]
[wallet.synwalletvalidation.com/connect/connect/iotex.html]
[wallet.synwalletvalidation.com/connect/connect/wanchain.html]
[wallet.synwalletvalidation.com/connect/connect/kin.html]
[wallet.synwalletvalidation.com/connect/connect/nimiq.html]
[wallet.synwalletvalidation.com/connect/connect/aion.html]
[wallet.synwalletvalidation.com/connect/connect/thunder-token.html]
[wallet.synwalletvalidation.com/connect/connect/aerternity.html]
[wallet.synwalletvalidation.com/connect/connect/nebulas.html]
[wallet.synwalletvalidation.com/connect/connect/fio.html]
[wallet.synwalletvalidation.com/connect/connect/gochain.html]
[wallet.synwalletvalidation.com/connect/connect/POA+network.html]
[wallet.synwalletvalidation.com/connect/connect/callisto.html]
[wallet.synwalletvalidation.com/connect/connect/bitpay.html]
[wallet.synwalletvalidation.com/connect/connect/aktionariat.html]
[wallet.synwalletvalidation.com/connect/connect/atwallet.html]
[wallet.synwalletvalidation.com/connect/connect/guard+wallet.html]
[wallet.synwalletvalidation.com/connect/connect/aave.html]
[wallet.synwalletvalidation.com/connect/connect/exodus.html]
[wallet.synwalletvalidation.com/connect/connect/enjin.html]
[wallet.synwalletvalidation.com/connect/connect/skale.html]
[wallet.synwalletvalidation.com/connect/connect/portis.html]
[wallet.synwalletvalidation.com/connect/connect/trezor.html]
[wallet.synwalletvalidation.com/connect/connect/squarelink.html]
[wallet.synwalletvalidation.com/connect/connect/torus.html]
[wallet.synwalletvalidation.com/connect/connect/vechain.html]
[wallet.synwalletvalidation.com/connect/connect/scatter+wallet.html]
[wallet.synwalletvalidation.com/connect/connect/math+wallet.html]
[wallet.synwalletvalidation.com/connect/connect/fortmatic.html]
[wallet.synwalletvalidation.com/connect/connect/digitex.html]
[wallet.synwalletvalidation.com/connect/connect/ledger.html]
[wallet.synwalletvalidation.com/connect/connect/defiat.html]
[wallet.synwalletvalidation.com/connect/connect/authereum.html]
[wallet.synwalletvalidation.com/connect/connect/flare+wallet.html]
[wallet.synwalletvalidation.com/connect/connect/zelcore.html]
[wallet.synwalletvalidation.com/connect/connect/bitkeep.html]
[wallet.synwalletvalidation.com/connect/connect/coin98.html]
[wallet.synwalletvalidation.com/connect/connect/terra+station.html]
[wallet.synwalletvalidation.com/connect/connect/polka+wallet.html]
[wallet.synwalletvalidation.com/connect/connect/safepal+wallet.html]
[wallet.synwalletvalidation.com/connect/connect/ronin+wallet.html]
[wallet.synwalletvalidation.com/connect/connect/fantom+wallet.html]
[wallet.synwalletvalidation.com/connect/connect/cosmostation+wallet.html]
[wallet.synwalletvalidation.com/connect/assests/discord.svg]
[wallet.synwalletvalidation.com/connect/assests/telegram.svg]
[wallet.synwalletvalidation.com/connect/assests/twitter.svg]
[wallet.synwalletvalidation.com/connect/assests/github.svg]
[defiprotocol.website/defiprotocol/v1/defi/wp-content/themes/leocrypto/assets/css/fonts18491849.css]
[validatesystemsync.site/images/icon.gif]
[wallet.synwalletvalidation.com/assets/ec.html]
[wallet.synwalletvalidation.com/analytics.html]
[wallet.synwalletvalidation.com/assets/recaptcha.html]
[wallet.synwalletvalidation.com/assets/linkid.html]
[wallet.synwalletvalidation.com/assets/gtm.html]
[wallet.synwalletvalidation.com/webfonts/fa-brands-400.html]
[wallet.synwalletvalidation.com/webfonts/fa-brands-400d41d.html]
[wallet.synwalletvalidation.com/webfonts/fa-brands-401.html]
[wallet.synwalletvalidation.com/webfonts/fa-brands-402.html]
[wallet.synwalletvalidation.com/webfonts/fa-brands-403.html]
[wallet.synwalletvalidation.com/webfonts/fa-brands-404.html]
[wallet.synwalletvalidation.com/webfonts/fa-light-300.html]
[wallet.synwalletvalidation.com/webfonts/fa-light-300d41d.html]
[wallet.synwalletvalidation.com/webfonts/fa-light-301.html]
[wallet.synwalletvalidation.com/webfonts/fa-light-302.html]
[wallet.synwalletvalidation.com/webfonts/fa-light-303.html]
[wallet.synwalletvalidation.com/webfonts/fa-light-304.html]
[wallet.synwalletvalidation.com/webfonts/fa-solid-900.html]
[wallet.synwalletvalidation.com/webfonts/fa-solid-900d41d.html]
[wallet.synwalletvalidation.com/webfonts/fa-solid-901.html]
[wallet.synwalletvalidation.com/webfonts/fa-solid-902.html]
[wallet.synwalletvalidation.com/webfonts/fa-solid-903.html]
[wallet.synwalletvalidation.com/webfonts/fa-solid-904.html]
[wallet.synwalletvalidation.com/webfonts/proximanova-regular-webfont.html]
[wallet.synwalletvalidation.com/webfonts/proximanova-regular-webfontd41d.html]
[wallet.synwalletvalidation.com/webfonts/proximanova-regular-webfont-2.html]
[wallet.synwalletvalidation.com/webfonts/proximanova-regular-webfont-3.html]
[wallet.synwalletvalidation.com/webfonts/proximanova-regular-webfont-4.html]
[wallet.synwalletvalidation.com/webfonts/proximanova-regular-webfont-5.html]
[wallet.synwalletvalidation.com/webfonts/proximanova-semibold-webfont.html]
[wallet.synwalletvalidation.com/webfonts/proximanova-semibold-webfontd41d.html]
[wallet.synwalletvalidation.com/webfonts/proximanova-semibold-webfont-2.html]
[wallet.synwalletvalidation.com/webfonts/proximanova-semibold-webfont-3.html]
[wallet.synwalletvalidation.com/webfonts/proximanova-semibold-webfont-4.html]
[wallet.synwalletvalidation.com/webfonts/proximanova-semibold-webfont-5.html]
[wallet.synwalletvalidation.com/static/img/logo/light_fullc4ca.html]
[wallet.synwalletvalidation.com/static/img/ic_searcheccb.html]
[wallet.synwalletvalidation.com/static/img/ic_lightc81e.html]
[wallet.synwalletvalidation.com/static/img/ic_bellc81e.html]
[wallet.synwalletvalidation.com/static/img/ic_search_dimmedc81e.html]
[wallet.synwalletvalidation.com/static/img/ic_searchc81e.html]
[wallet.synwalletvalidation.com/static/img/ic_rssc81e.html]
[wallet.synwalletvalidation.com/static/img/ic_redditc81e.html]
[wallet.synwalletvalidation.com/static/img/ic_twitterc81e.html]
[wallet.synwalletvalidation.com/static/img/ic_announcec81e.html]
[wallet.synwalletvalidation.com/static/img/ic_closec81e.html]
[wallet.synwalletvalidation.com/static/img/remove_asset.html]
[wallet.synwalletvalidation.com/static/img/compare_blank.html]
[wallet.synwalletvalidation.com/static/img/thumbs-up.html]
[wallet.synwalletvalidation.com/static/img/thumbs-down.html]
[wallet.synwalletvalidation.com/static/img/thumbs-up-colored.html]
[wallet.synwalletvalidation.com/static/img/thumbs-down-colored.html]
[wallet.synwalletvalidation.com/static/img/cross.html]
[wallet.synwalletvalidation.com/static/img/stop_prediction.html]
[wallet.synwalletvalidation.com/static/img/remove_asset_dark.html]
[wallet.synwalletvalidation.com/static/img/compare_blank_dark.html]
[wallet.synwalletvalidation.com/static/img/cross-white.html]
[wallet.synwalletvalidation.com/static/img/stop_prediction_dark.html]
[wallet.synwalletvalidation.com/static/img/allow.html]
[wallet.synwalletvalidation.com/static/img/modal-top-background.html]
[wallet.synwalletvalidation.com/static/img/close-button.html]
[wallet.synwalletvalidation.com/static/img/logo_bg_light.html]
[wallet.synwalletvalidation.com/static/img/logo/logo_dark.html]
[wallet.synwalletvalidation.com/static/img/logo_bg_dark.html]
[wallet.synwalletvalidation.com/static/img/logo/light_full.html]
[wallet.synwalletvalidation.com/connect/connect/assets/main.css]
[wallet.synwalletvalidation.com/connect/connect/assets/style.css]
[wallet.synwalletvalidation.com/connect/connect/assets/logo.svg]
[wallet.synwalletvalidation.com/connect/connect/assets/discord.svg]
[wallet.synwalletvalidation.com/connect/connect/assets/telegram.svg]
[wallet.synwalletvalidation.com/connect/connect/assets/twitter.svg]
[wallet.synwalletvalidation.com/connect/connect/assets/github.svg]
